# file opened: page17.asm
 1    0000
 2    0000                 DEVICE ZXSPECTRUM48
 3    0000
 4    0000                       ORG 30000
 5    7530              start
 6    7530 21 00 58              LD HL, 22528
 7    7533 06 0C                 LD B, 12
 8    7535 C5           LOOP0    PUSH BC
 9    7536 06 10                 LD B, 16
10    7538 36 28        LOOP1    LD (HL), 40
11    753A 23                    INC HL
12    753B 36 08                 LD (HL), 8
13    753D 23                    INC HL
14    753E 10 F8                 DJNZ LOOP1
15    7540 06 10                 LD B, 16
16    7542 36 08        LOOP2    LD (HL), 8
17    7544 23                    INC HL
18    7545 36 28                 LD (HL), 40
19    7547 23                    INC HL
20    7548 10 F8                 DJNZ LOOP2
21    754A C1                    POP BC
22    754B 10 E8                 DJNZ LOOP0
23    754D C9                    ret
24    754E
25    754E              ; Deployment
26    754E              LENGTH      equ $ - start
27    754E
28    754E
29    754E                 ;;   Cette partie est gérée par TapLib.asm
30    754E                 include TapLib.asm
# file opened: TapLib.asm
 1+   754E              ;;;;;;;;;;;;;;;;;;;;;;;;;;;;;;;;;;;;;;;;;;;;;;;;;;;;;;;;
 2+   754E              ;; Busy soft ;; 26.11.2018 ;; Tape generating library ;;
 3+   754E              ;;;;;;;;;;;;;;;;;;;;;;;;;;;;;;;;;;;;;;;;;;;;;;;;;;;;;;;;
 4+   754E
 5+   754E              ;; Use:
 6+   754E              ;;
 7+   754E              ;;   .................
 8+   754E              ;;   ...your...code...
 9+   754E              ;;   .................
10+   754E              ;;   include "TapLib.asm"
11+   754E              ;;   MakeTape <speccy_model>, <tape_file>, <program_name>, <start_address>, <code_length>, <call_address>
12+   754E
13+   754E              	MACRO	MakeTape speccy_model, tape_file, prog_name, start_add, code_len, call_add
14+   754E ~            	DEVICE	speccy_model
15+   754E ~
16+   754E ~            CODE	=	#AF
17+   754E ~            USR	=	#C0
18+   754E ~            LOAD	=	#EF
19+   754E ~            CLEAR	=	#FD
20+   754E ~            RANDOMIZE =	#F9
21+   754E ~
22+   754E ~            	org	#5C00
23+   754E ~            baszac	db	0,1			;; Line number
24+   754E ~            	dw	linlen			;; Line length
25+   754E ~            linzac
26+   754E ~            	db	CLEAR,'8',#0E,0,0
27+   754E ~            	dw	start_add-1
28+   754E ~            	db	0,':'
29+   754E ~            	db	LOAD,'"'
30+   754E ~            codnam	ds	10,32
31+   754E ~            	org	codnam
32+   754E ~            	db	prog_name
33+   754E ~            	org	codnam+10
34+   754E ~            	db	'"',CODE,':'
35+   754E ~            	db	RANDOMIZE,USR,'8',#0E,0,0
36+   754E ~            	dw	call_add
37+   754E ~            	db	0,#0D
38+   754E ~            linlen	=	$-linzac
39+   754E ~            baslen	=	$-baszac
40+   754E ~
41+   754E ~            	EMPTYTAP tape_file
42+   754E ~            	SAVETAP  tape_file,BASIC,prog_name,baszac,baslen,1
43+   754E ~            	SAVETAP  tape_file,CODE,prog_name,start_add,code_len,start_add
44+   754E ~
45+   754E              	ENDM
46+   754E
# file closed: TapLib.asm
31    754E                 ;;   MakeTape <speccy_model>, <tape_file>, <program_name>, <start_address>, <code_length>, <call_address>
32    754E
33    754E                 ; option 1: tape
34    754E                 MakeTape ZXSPECTRUM48, "_tape.tap", "tapefile", start, LENGTH, start
34    754E             >	DEVICE	ZXSPECTRUM48
34    754E             >
34    754E             >CODE	=	#AF
34    754E             >USR	=	#C0
34    754E             >LOAD	=	#EF
34    754E             >CLEAR	=	#FD
34    754E             >RANDOMIZE =	#F9
34    754E             >
34    754E             >	org	#5C00
34    5C00 00 01       >baszac	db	0,1			;; Line number
34    5C02 22 00       >	dw	linlen			;; Line length
34    5C04             >linzac
34    5C04 FD 38 0E 00 >	db	CLEAR,'8',#0E,0,0
34    5C08 00          >
34    5C09 2F 75       >	dw	start-1
34    5C0B 00 3A       >	db	0,':'
34    5C0D EF 22       >	db	LOAD,'"'
34    5C0F 20 20 20... >codnam	ds	10,32
34    5C19             >	org	codnam
34    5C0F 74 61 70 65 >	db	"tapefile"
34    5C13 66 69 6C 65 >
34    5C17             >	org	codnam+10
34    5C19 22 AF 3A    >	db	'"',CODE,':'
34    5C1C F9 C0 38 0E >	db	RANDOMIZE,USR,'8',#0E,0,0
34    5C20 00 00       >
34    5C22 30 75       >	dw	start
34    5C24 00 0D       >	db	0,#0D
34    5C26             >linlen	=	$-linzac
34    5C26             >baslen	=	$-baszac
34    5C26             >
34    5C26             >	EMPTYTAP "_tape.tap"
34    5C26             >	SAVETAP  "_tape.tap",BASIC,"tapefile",baszac,baslen,1
34    5C26             >	SAVETAP  "_tape.tap",CODE,"tapefile",start,LENGTH,start
34    5C26             >
35    5C26
36    5C26                 ; option 2: snapshot
37    5C26                 SAVESNA "_snapshot.sna", start
# file closed: page17.asm
